../Core/Src/main.c:91:5:main	16	static
../Core/Src/main.c:195:6:SystemClock_Config	88	static
../Core/Src/main.c:237:13:MX_ADC1_Init	24	static
../Core/Src/main.c:289:13:MX_CAN1_Init	8	static
../Core/Src/main.c:326:13:MX_I2C2_Init	8	static
../Core/Src/main.c:360:13:MX_GPIO_Init	48	static
../Core/Src/main.c:395:6:can_sub	4	static
../Core/Src/main.c:405:6:HAL_CAN_RxFifo0MsgPendingCallback	16	static
../Core/Src/main.c:414:6:CAN_Filter_Config	48	static
../Core/Src/main.c:439:6:Error_Handler	4	static,ignoring_inline_asm
